// Vitest Snapshot v1, https://vitest.dev/guide/snapshot.html

exports[`generateImageProps > should generate the image props 1`] = `
{
  "sizes": "(min-width: 1280px) 1280px, (min-width: 1024px) 1024px, (min-width: 640px) 640px, (min-width: 480px) 540px, 1280px",
  "src": "https://ipx.vandal.services/f_auto,q_90,w_1280/https://files.vandal.services/pedrohenri.design/images/footer.png",
  "srcSet": "https://ipx.vandal.services/f_auto,q_90,w_540/https://files.vandal.services/pedrohenri.design/images/footer.png 540w, https://ipx.vandal.services/f_auto,q_90,w_810/https://files.vandal.services/pedrohenri.design/images/footer.png 810w, https://ipx.vandal.services/f_auto,q_90,w_1080/https://files.vandal.services/pedrohenri.design/images/footer.png 1080w, https://ipx.vandal.services/f_auto,q_90,w_1350/https://files.vandal.services/pedrohenri.design/images/footer.png 1350w, https://ipx.vandal.services/f_auto,q_90,w_1620/https://files.vandal.services/pedrohenri.design/images/footer.png 1620w, https://ipx.vandal.services/f_auto,q_90,w_640/https://files.vandal.services/pedrohenri.design/images/footer.png 640w, https://ipx.vandal.services/f_auto,q_90,w_960/https://files.vandal.services/pedrohenri.design/images/footer.png 960w, https://ipx.vandal.services/f_auto,q_90,w_1280/https://files.vandal.services/pedrohenri.design/images/footer.png 1280w, https://ipx.vandal.services/f_auto,q_90,w_1600/https://files.vandal.services/pedrohenri.design/images/footer.png 1600w, https://ipx.vandal.services/f_auto,q_90,w_1920/https://files.vandal.services/pedrohenri.design/images/footer.png 1920w, https://ipx.vandal.services/f_auto,q_90,w_1024/https://files.vandal.services/pedrohenri.design/images/footer.png 1024w, https://ipx.vandal.services/f_auto,q_90,w_1536/https://files.vandal.services/pedrohenri.design/images/footer.png 1536w, https://ipx.vandal.services/f_auto,q_90,w_2048/https://files.vandal.services/pedrohenri.design/images/footer.png 2048w, https://ipx.vandal.services/f_auto,q_90,w_2560/https://files.vandal.services/pedrohenri.design/images/footer.png 2560w, https://ipx.vandal.services/f_auto,q_90,w_3072/https://files.vandal.services/pedrohenri.design/images/footer.png 3072w, https://ipx.vandal.services/f_auto,q_90,w_1280/https://files.vandal.services/pedrohenri.design/images/footer.png 1280w, https://ipx.vandal.services/f_auto,q_90,w_1920/https://files.vandal.services/pedrohenri.design/images/footer.png 1920w, https://ipx.vandal.services/f_auto,q_90,w_2560/https://files.vandal.services/pedrohenri.design/images/footer.png 2560w, https://ipx.vandal.services/f_auto,q_90,w_3200/https://files.vandal.services/pedrohenri.design/images/footer.png 3200w, https://ipx.vandal.services/f_auto,q_90,w_3840/https://files.vandal.services/pedrohenri.design/images/footer.png 3840w, https://ipx.vandal.services/f_auto,q_90,w_1280/https://files.vandal.services/pedrohenri.design/images/footer.png 1280w, https://ipx.vandal.services/f_auto,q_90,w_1920/https://files.vandal.services/pedrohenri.design/images/footer.png 1920w, https://ipx.vandal.services/f_auto,q_90,w_2560/https://files.vandal.services/pedrohenri.design/images/footer.png 2560w, https://ipx.vandal.services/f_auto,q_90,w_3200/https://files.vandal.services/pedrohenri.design/images/footer.png 3200w, https://ipx.vandal.services/f_auto,q_90,w_3840/https://files.vandal.services/pedrohenri.design/images/footer.png 3840w",
}
`;

exports[`generateSrcSet > should generate the srcSet 1`] = `"https://ipx.vandal.services/f_auto,q_90,w_540/https://files.vandal.services/pedrohenri.design/images/footer.png 540w, https://ipx.vandal.services/f_auto,q_90,w_810/https://files.vandal.services/pedrohenri.design/images/footer.png 810w, https://ipx.vandal.services/f_auto,q_90,w_1080/https://files.vandal.services/pedrohenri.design/images/footer.png 1080w, https://ipx.vandal.services/f_auto,q_90,w_1350/https://files.vandal.services/pedrohenri.design/images/footer.png 1350w, https://ipx.vandal.services/f_auto,q_90,w_1620/https://files.vandal.services/pedrohenri.design/images/footer.png 1620w, https://ipx.vandal.services/f_auto,q_90,w_640/https://files.vandal.services/pedrohenri.design/images/footer.png 640w, https://ipx.vandal.services/f_auto,q_90,w_960/https://files.vandal.services/pedrohenri.design/images/footer.png 960w, https://ipx.vandal.services/f_auto,q_90,w_1280/https://files.vandal.services/pedrohenri.design/images/footer.png 1280w, https://ipx.vandal.services/f_auto,q_90,w_1600/https://files.vandal.services/pedrohenri.design/images/footer.png 1600w, https://ipx.vandal.services/f_auto,q_90,w_1920/https://files.vandal.services/pedrohenri.design/images/footer.png 1920w, https://ipx.vandal.services/f_auto,q_90,w_1024/https://files.vandal.services/pedrohenri.design/images/footer.png 1024w, https://ipx.vandal.services/f_auto,q_90,w_1536/https://files.vandal.services/pedrohenri.design/images/footer.png 1536w, https://ipx.vandal.services/f_auto,q_90,w_2048/https://files.vandal.services/pedrohenri.design/images/footer.png 2048w, https://ipx.vandal.services/f_auto,q_90,w_2560/https://files.vandal.services/pedrohenri.design/images/footer.png 2560w, https://ipx.vandal.services/f_auto,q_90,w_3072/https://files.vandal.services/pedrohenri.design/images/footer.png 3072w, https://ipx.vandal.services/f_auto,q_90,w_1280/https://files.vandal.services/pedrohenri.design/images/footer.png 1280w, https://ipx.vandal.services/f_auto,q_90,w_1920/https://files.vandal.services/pedrohenri.design/images/footer.png 1920w, https://ipx.vandal.services/f_auto,q_90,w_2560/https://files.vandal.services/pedrohenri.design/images/footer.png 2560w, https://ipx.vandal.services/f_auto,q_90,w_3200/https://files.vandal.services/pedrohenri.design/images/footer.png 3200w, https://ipx.vandal.services/f_auto,q_90,w_3840/https://files.vandal.services/pedrohenri.design/images/footer.png 3840w, https://ipx.vandal.services/f_auto,q_90,w_1280/https://files.vandal.services/pedrohenri.design/images/footer.png 1280w, https://ipx.vandal.services/f_auto,q_90,w_1920/https://files.vandal.services/pedrohenri.design/images/footer.png 1920w, https://ipx.vandal.services/f_auto,q_90,w_2560/https://files.vandal.services/pedrohenri.design/images/footer.png 2560w, https://ipx.vandal.services/f_auto,q_90,w_3200/https://files.vandal.services/pedrohenri.design/images/footer.png 3200w, https://ipx.vandal.services/f_auto,q_90,w_3840/https://files.vandal.services/pedrohenri.design/images/footer.png 3840w"`;

exports[`getImageUrl > should return the correct URL 1`] = `"https://ipx.vandal.services/f_auto,q_90,w_540/https://files.vandal.services/pedrohenri.design/images/footer.png"`;
